[gta.cash/index.html]
[gta.cash/favicon.png]
[gta.cash/_app/immutable/assets/0.CpYTn2Fd.css]
[gta.cash/_app/immutable/assets/3.DNFeJGTK.css]
[a.divinemods.com/script.js]
[backblue.gif]
[fade.gif]
[index.html]
[fonts.googleapis.com/index.html]
[gta.cash/_app/immutable/assets/hero.BJumlbWv.webp]
[gta.cash/sellers.html]
[gta.cash/_app/immutable/assets/icarus.BS328KbY.webp]
[gta.cash/_app/immutable/assets/eth.-8IX5ZEV.webp]
[gta.cash/_app/immutable/assets/ryan.BHBjTVA0.webp]
[gta.cash/_app/immutable/assets/oxsuu.BKcO5j2a.webp]
[gta.cash/_app/immutable/assets/skyliner.C2H47uAj.webp]
[gta.cash/_app/immutable/entry/start.DA4Whj0l.js]
[gta.cash/index.html]
[gta.cash/_app/immutable/assets/0.CpYTn2Fd.css]
[gta.cash/_app/immutable/assets/3.DNFeJGTK.css]
[gta.cash/_app/immutable/entry/app.BQdhLtCR.js]
[fonts.googleapis.com/index.html]
[fonts.gstatic.com/index.html]
[fonts.gstatic.com/s/jost/v15/92zPtBhPNqw79Ij1E865zBUv7mz9JQVG.ttf]
[fonts.gstatic.com/s/jost/v15/92zPtBhPNqw79Ij1E865zBUv7myjJQVG.ttf]
[fonts.gstatic.com/s/jost/v15/92zPtBhPNqw79Ij1E865zBUv7mx9IgVG.ttf]
[fonts.gstatic.com/s/jost/v15/92zPtBhPNqw79Ij1E865zBUv7mxEIgVG.ttf]
[fonts.googleapis.com/css24858.css]
[gta.cash/sellers.html]
[fonts.gstatic.com/s/jost/v15/92zPtBhPNqw79Ij1E865zBUv7mwKIgVG.ttf]
